// Jest Snapshot v1, https://goo.gl/fbAQLP

exports[`Components/Songs responds with json 1`] = `
Array [
  Object {
    "artist": "Artist 1",
    "id": 1,
    "title": "Song 1",
    "year": "2020",
  },
  Object {
    "artist": "Artist 2",
    "id": 2,
    "title": "Song 2",
    "year": "2020",
  },
  Object {
    "artist": "Artist 3",
    "id": 3,
    "title": "Song 3",
    "year": "2020",
  },
  Object {
    "artist": "Artist 4",
    "id": 4,
    "title": "Song 4",
    "year": "2020",
  },
  Object {
    "artist": "Artist 5",
    "id": 5,
    "title": "Song 5",
    "year": "2020",
  },
  Object {
    "artist": "Artist 6",
    "id": 6,
    "title": "Song 6",
    "year": "2020",
  },
  Object {
    "artist": "Artist 7",
    "id": 7,
    "title": "Song 7",
    "year": "2020",
  },
  Object {
    "artist": "Artist 8",
    "id": 8,
    "title": "Song 8",
    "year": "2020",
  },
  Object {
    "artist": "Artist 9",
    "id": 9,
    "title": "Song 9",
    "year": "2020",
  },
]
`;
